[  0.0000 Iniiazingcgup sbs cpuet
[   00000] nializg grp ubss u
[   0000] nitiling cgrp ubsy cacct
[  0.0000] inux verson4..0-1-gneri (ildd@lc01md64-8)(gccersi 54.20609 Ubun 54.0-ubnt1~.0.10) #89-Uun SMPueAug  0:10:6 TC209 Ubntu 4.-16118geneic.4.16)
[   00000] Comand line BOTIMAG=/ot/vmlnu-4.4.0-161-geric rotUUI=1e14b0e1-4636-3edbafa2aac r conoltty1onole=ty
[   .00000 KNEL upored cus
[    00000]  Itel Gnuinntl
[  .00000   MD AuthenticAMD
[    0.000000]   Cntaur CentaurHauls
[   .000000]86/f: state_ffet[2]  76, xstate_sizes[2]:  256
[    0.0000] x86/fpu: Supporin XSAVE feature 0x01: 'x87 floating point registers'
[   .0000] x86/fpu: SpprtinXSAVE feature 0x02: 'SSE registers'
[    0.0000] x/fu: Supoting XSAE eature x0 'AVX regier'
[    0.000000] x86/fu:Enabld statefeures 7,context siz is 832bytes, using 'stadard frmat
    0.0000] e820: BIOS-proided physica RAM ma
[    .00000] OSe820: [em0x00000000000-00000000009fbf] usab
[    0.0000] BIOS-e820:[mm 0x0000000000fc00-0x00000000009fff] resered
[   0.000000] BIOS-e820:[mm 0x000000000f0000-0x000000000ffff] esrvd
[   0.00000] BOSe820: me0x000000010000x000003ffff] usabl
[    0.00000] BIOS-e820: [mem 0x000000003fff0000-0x000000003fffffff] ACPI data
[   0.00000]BIOS-e820: [mem 0x00000000fec00000-0x00000000fec00fff] reserved
   0.0000 BIO-e20: [m 0x000000fe000-0000000fe00ff resve
[   .00000]BIS-e820: [mm x0000000fc000-0000000fffff] reserd
[   0.0000] X xecute Diab) precion: cte
[   00000] BIOS2. pesen.[   000000Hyervir eteed KVM
  0.0000 e82: st_pf =x3ff max_ach_pn 0x0000000
    .0000] TR: isabld
[   0.0000] x6/T: MTRR dsabled sppinPA intiiztionto.
[  .0000]CPU TR alllak - iralizd stem.    .0000]x8PAT:oniguraio [07]WB  T C- U    WT U- UC 
[    .0000] found SMP MP-tablet [mem 0x009ff-0x009fff] mpp at [ff8800009ff
[  0.00000]Scnning 1 ares for low memory corruption
[   0.0000] AMSK: [me0x61e60-0x70fff]
[   .000000] AI:Early bl cheksm erifcaon dabed
  0.0000 ACPI:RSP 0x0000000E00 0002(v02VB  )
[  0.00000ACPI XDT0x000000FFF00 0003Cv01 VBOX   VBOXXST 000001SL 000001)
[  0000000 AI: FCPx000003FFF0F00004 v0 VBO  BOXFP 0000 ASL 000006)
[   .00000ACI:DS 0x000003FF47 0021FF (02BOX VBXBIO000000INL 01528)
[   .00000ACPI:FA 0x000003FF02 00040[   0.000] API FACS 0000003FF000 004
[  00000 ACPI AC 0x000003FF020 000C v0 VOX  VBAPC 00000 ASL 000061
   00000] ACI:SSD 0000000FFF02A0 001C v01 VBOX   VOXCPUT 00000002 INTL 20100528)
[    0.000000] No NUMA configuration found
[    0.000000] Faking a node at [mem 0x0000000000000000-0x000000003ffeffff]
[    0.000000] NODE_DATA(0) allocated [mem 0x3ffeb000-0x3ffeffff]
[    0.000000] kvm-clock: Using msrs 4b564d01 and 4b564d00
[    0.000000 kvm-clck cpu 0, msr 0:3ffe3001, primary cpu clock
[    0.000000] kvm-clock: using sched offset of 3639847165 cycles
[    0.000000] clocksource: kvm-clock: mask: 0xffffffffffffffff max_cycles: 0x1c42e4dffb, max_idle_ns: 881590591483 ns
[    0.000000] Zone ranges:
[    0.000000]   DMA      [mem 0x0000000000001000-0x0000000000ffffff]
[   .000000   DMA32    [mem 0x000000000100000-0x000000003ffefff
[    .00000]   Normal   empty
[    0.000000]   Deic   empty
[   0.000000] Movable zone tart for eachode
    0.0000] Eary moryno range
[   0.0000   nde 0: em0x000000000000-000000000fff][   000000]   node   0: [mem 0x0000000000100000-0x00000003fffff]
[   000000 Iitem stunode0 em 00000000000000x0000003ffeffff]
[   .000] ACPI: M-imr IO Prt 0x4008
[   0.0000 IOAIC0] apiid2, version 32, address 0xfec00000, GSI 0-23
[   .0000 ACPI:NTSRC_VR(bus bs_ir 0lobair 2 d dl)    0.000] AI:INT_C_VR (s  busir9 globl_irq 9low ve)[   0.00000 Uing AI (MADT) for SMP configuration information
[   0.0000 spboot: llowing2 CPUs 0hotpg PUs
[   .00000PM Regsted nav memy:[m 00000000x000ff]
   0.0000]PM: gitere nave emy: [m 00009000x00fff]
  0.00000]PM Regteed nave memor: em 0x0a000-0x000efff]
[   0.0000 PM:Reiserednove mmor: mem 00f00-x000ff]
[  00000] 82: em 0x40000000-0xebff] vailblfor I evic
    .000] Boti parirualid erne oKVM    .0000] clocksorce: refined-jiffies: mask: 0xffffffff maxcycl: xfffff, ma_ie_ns 745519001168 s
[    .0000] setup_percpu: NR_CPUS:512 nr_cpumask_bis:2 nr_u_ds:2nrnoe_id:1
[   0.000] PCP: Emddd 34ags/cp @ff88030000 s9944 r19d3158 0485
    0.00000 Built 1 zonelists in Node ode mbiliy ouping on.  Total pages: 257912
[    0.0000] liy ne: DMA32
[   000000]Kene coman lne: OTIMAG=/oo/vmlnu4.4.-1-genriroot=UI=1bb14b01b-46383d-bafa5accroconse=ty1 cnse=tt0
[  .00000PID ha tble tres: 96(orde 3 3278 yts)
  0.0000 Memry997176K/104812K vailable (8622 knel cde1335K wdta 402Kroata 18K int,124K b, 0944Kesrved 0 ca-reerd)
  0.0000 SLU Halig64 Ord=03, MiObcts= CUs=2Noes=1
[  0.0000 Kerelser pae bles ilaio eable
[   0.000000]Hiarchicl U imlentatio.[   0.0000] Bud-ti ajutmt of leaffaut t 6.
[   0.0000] 	RCU esicti CUs fomR_CPS=2 to r_pu_ids2.
[   00000] U: Ajuing eotr for u_ant_eaf=64,nrpu_is=
[  0.0000 NR_RQS:304 r_irqs:40 1
    .00000] onol: courVGA+ 825

[    0.0000]cosoe [tty1] eabd
[  000000]onsole[tS0] abed
  0.000000] tsc: Detected 2712.004 MHz processor
[   27.085730] Calibrating delay loop (skipped) preset value.. 5424.00 BogoMIPS (lpj=10848016)
[   27.298615] pid_max: default: 32768 minimum: 301
[   27.426264] ACPI: Core revision 20150930
[   27.518754] ACPI: 2 ACPI AML tables successfully acquired and loaded
[   27.651937] Security Framework initialized
[   27.731081] Yama: becoming mindful.
[   27.739862] AppArmor: AppArmor initialized
[   27.835367] Dentry cache hash table entries: 131072 (order: 8, 1048576 bytes)
[   27.948899] Inode-cache hash table entries: 65536 (order: 7, 524288 bytes)
[   28.000046] Mount-cache hash table entries: 2048 (order: 2, 16384 bytes)
[   28.119369] Mountpoint-cache hash table entries: 2048 (order: 2, 16384 bytes)
[   28.267850] Initializing cgroup subsys io
[   28.364175] Initializing cgroup subsys memory
[   28.467685] Initializing cgroup subsys devices
[   28.580050] Initializing cgroup subsys freezer
[   28.690408] Initializing cgroup subsys net_cls
[   28.824816] Initializing cgroup subsys perf_event
[   28.935189] Initializing cgroup subsys net_prio
[   29.026898] Initializing cgroup subsys hugetlb
[   29.131356] Initializing cgroup subsys pids
[   29.225120] mce: CPU supports 0 MCE banks
[   29.308178] Last level iTLB entries: 4KB 64, 2MB 8, 4MB 8
[   29.411035] Last level dTLB entries: 4KB 64, 2MB 0, 4MB 0, 1GB 4
[   29.506371] Spectre V1 : Mitigation: usercopy/swapgs barriers and __user pointer sanitization
[   29.684552] Spectre V2 : Mitigation: Full generic retpoline
[   29.845782] Spectre V2 : Spectre v2 / SpectreRSB mitigation: Filling RSB on context switch
[   30.043398] Speculative Store Bypass: Vulnerable
[   30.062217] MDS: Vulnerable: Clear CPU buffers attempted, no microcode
[   30.190165] Freeing SMP alternatives memory: 36K
[   30.288484] ftrace: allocating 32318 entries in 127 pages
[   30.471887] smpboot: APIC(0) Converting physical 0 to logical package 0
[   30.536726] smpboot: Max logical packages: 1
[   30.601161] x2apic enabled
[   30.609502] Switched APIC routing to physical x2apic.
[   30.647099] ..TIMER: vector=0x30 apic1=0 pin1=2 apic2=-1 pin2=-1
[   30.779399] smpboot: CPU0: Inel(R) Core(TM) i5-7300U CPU @ 2.60GHz (family: 0x6, model: 0x8e, stepping: 0x9)
[   30.928010] Performance Events: unsupported p6 CPU model 142 no PMU driver, software events only.
[   31.060285] KVM setup paravirtual spinlock
[   31.145482] x86: Booting SMP configuration:
[   31.270670] .... node  #0, CPUs:      #1
[   31.363300] kvm-clock: cpu 1, msr 0:3ffe3041, secondary cpu clock
[   31.415705] mce: CPU supports 0 MCE banks
[   31.451893] x86: Booted up 1 node, 2 CPUs
[   31.528001] smpboot: Total of 2 processors activated (10848.01 BogoMIPS)
[   31.693104] devtmpfs: initialized
[   31.735313] evm: security.selinux
[   31.738473] evm: security.SMACK64
[   31.740230] evm: security.SMACK64EXEC
[   31.742227] evm: security.SMACK64TRANSMUTE
[   31.750276] evm: security.SMACK64MMAP
[   31.802856] evm: security.ima
[   31.876804] evm: security.capability
[   31.924888] clocksource: jiffies: mask: 0xffffffff max_cycles: 0xffffffff, max_idle_ns: 7645041785100000 ns
[   32.124853] futex hash table entries: 512 (order: 3, 32768 bytes)
[   32.217763] pinctrl core: initialized pinctrl subsystem
[   32.305440] RTC time: 13:57:24, date: 09/06/19
[   32.362384] NET: Registered protocol family 16
[   32.436545] cpuidle: using governor ladder
[   32.548897] cpuidle: using governor menu
[   32.645899] PCCT header not found.
[   32.724012] ACPI: bus type PCI registered
[   32.821517] acpiphp: ACPI Hot Plug PCI Controller Driver version: 0.5
[   32.925275] PCI: Using configuration type 1 for base access
[   33.038855] ACPI: Added _OSI(Module Device)
[   33.112888] ACPI: Added _OSI(Processor Device)
[   33.208530] ACPI: Added _OSI(3.0 _SCP Extensions)
[   33.304205] ACPI: Added _OSI(Processor Aggregator Device)
[   33.398637] ACPI: Executed 1 blocks of module-level executable AML code
[   33.531829] ACPI: Interpreter enabled
[   33.584439] ACPI: (supports S0 S5)
[   33.594365] ACPI: Using IOAPIC for interrupt routing
[   33.629619] PCI: Using host bridge windows from ACPI; if necessary, use "pci=nocrs" and report a bug
[   33.665387] ACPI: PCI Root Bridge [PCI0] (domain 0000 [bus 00-ff])
[   33.714405] acpi PNP0A03:00: _OSC: OS supports [ASPM ClockPM Segments MSI]
[   33.760227] acpi PNP0A03:00: _OSC: not requesting OS control; OS requires [ExtendedConfig ASPM ClockPM MSI]
[   33.850190] acpi PNP0A03:00: fail to add MMCONFIG information, can't access extended PCI configuration space under this bridge.
[   34.044807] PCI host bridge to bus 0000:00
[   34.118157] pci_bus 0000:00: root bus resource [io  0x0000-0x0cf7 window]
[   34.255878] pci_bus 0000:00: root bus resource [io  0x0d00-0xffff window]
[   34.422802] pci_bus 0000:00: root bus resource [mem 0x000a0000-0x000bffff window]
[   34.581196] pci_bus 0000:00: root bus resource [mem 0x40000000-0xfdffffff window]
[   34.804189] pci_bus 0000:00: root bus resource [bus 00-ff]
[   34.888797] pci 0000:00:01.1: legacy IDE quirk: reg 0x10: [io  0x01f0-0x01f7]
[   35.019087] pci 0000:00:01.1: legacy IDE quirk: reg 0x14: [io  0x03f6]
[   35.102640] pci 0000:00:01.1: legacy IDE quirk: reg 0x18: [io  0x0170-0x0177]
[   35.213298] pci 0000:00:01.1: legacy IDE quirk: reg 0x1c: [io  0x0376]
[   35.333740] pci 0000:00:07.0: quirk: [io  0x4000-0x403f] claimed by PIIX4 ACPI
[   35.474189] pci 0000:00:07.0: quirk: [io  0x4100-0x410f] claimed by PIIX4 SMB
[   35.624418] ACPI: PCI Interrupt Link [LNKA] (IRQs 5 9 10 *11)
[   35.759996] ACPI: PCI Interrupt Link [LNKB] (IRQs 5 9 *10 11)
[   35.867275] ACPI: PCI Interrupt Link [LNKC] (IRQs 5 *9 10 11)
[   35.991272] ACPI: PCI Interrupt Link [LNKD] (IRQs 5 9 10 *11)
[   36.082907] ACPI: Enabled 2 GPEs in block 00 to 07
[   36.112563] vgaarb: setting as boot device: PCI:0000:00:02.0
[   36.121069] vgaarb: device added: PCI:0000:00:02.0,decodes=io+mem,owns=io+mem,locks=none
[   36.152820] vgaarb: loaded
[   36.157544] vgaarb: bridge control possible 0000:00:02.0
[   36.202633] SCSI subsystem initialized
[   36.235610] ACPI: bus type USB registered
[   36.248167] usbcore: registered new interface driver usbfs
[   36.267790] usbcore: registered new interface driver hub
[   36.303820] usbcore: registered new device driver usb
[   36.359573] PCI: Using ACPI for IRQ routing
[   36.388164] NetLabel: Initializing
[   36.400844] NetLabel:  domain hash size = 128
[   36.406502] NetLabel:  protocols = UNLABELED CIPSOv4
[   36.423220] NetLabel:  unlabeled traffic allowed by default
[   36.428682] amd_nb: Cannot enumerate AMD northbridges
[   36.432948] clocksource: Switched to clocksource kvm-clock
[   36.458359] ApArr:pprmr lest Enbld[ 36968]npPnAC init
[ 3727446]npPn AI:ou 3eves
[   37.819731] clocksource: acpi_pm: mask: 0xffffff max_cycles: 0xffffff, max_idle_ns: 2085701024 ns
[   37.903850] NET: Registered protocol family 2
[   37.924933] TCP established hash table entries: 8192 (order: 4, 65536 bytes)
[   37.964962] TCP bind hash table entries: 8192 (order: 5, 131072 bytes)
[   38.020532] TCP: Hash tables configured (established 8192 bind 8192)
[   38.050575] UDP hash table entries: 512 (order: 2, 16384 bytes)
[   38.108368] UDP-Lite hash table entries: 512 (order: 2, 16384 bytes)
[   38.158590] NET: Registered protocol family 1
[   38.215451] pci 0000:00:00.0: Limiting direct PCI/PCI transfers
[   38.263408] pci 0000:00:01.0: Activating ISA DMA hang workarounds
[   38.306472] Unpacking initramfs...
[   38.640891] Freeing initrd memory: 15380K
[   38.686382] clocksource: tsc: mask: 0xffffffffffffffff max_cycles: 0x27178a49c0e, max_idle_ns: 440795317528 ns
[   38.828948] platform rtc_cmos: registered platform RTC device (no PNP device found)
[   38.974237] Scanning for low memory corruption every 60 seconds
[   39.063244] audit: initializing netlink subsys (disabled)
[   39.158073] audit: type=2000 audit(1567778221.156:1): initialized
[   39.264604] Initialise system trusted keyring
[   39.318690] HugeTLB registered 2 MB page size, pre-allocated 0 pages
[   39.370621] zbud: loaded
[   39.398932] VFS: Disk quotas dquot_6.6.0
[   39.436417] VFS: Dquot-cache hash table entries: 512 (order 0, 4096 bytes)
[   39.480679] squashfs: version 4.0 (2009/01/31) Phillip Lougher
[   39.492455] fuse init (API version 7.23)
[   39.527399] Key type big_key registered
[   39.563268] Allocating IMA MOK and blacklist keyrings.
[   39.639324] Key type asymmetric registered
[   39.679978] Asymmetric key parser 'x509' registered
[   39.733703] Block layer SCSI generic (bsg) driver version 0.4 loaded (major 249)
[   39.838184] io scheduler noop registered
[   39.893274] io scheduler deadline registered (default)
[   40.027981] io scheduler cfq registered
[   40.066123] pci_hotplug: PCI Hot Plug PCI Core version: 0.5
[   40.158826] pciehp: PCI Express Hot Plug Controller Driver version: 0.4
[   40.263561] ACPI: AC Adapter [AC] (on-line)
[   40.312142] input: Power Button as /devices/LNXSYSTM:00/LNXPWRBN:00/input/input0
[   40.419761] ACPI: Power Button [PWRF]
[   40.444087] input: Sleep Button as /devices/LNXSYSTM:00/LNXSLPBN:00/input/input1
[   40.545651] ACPI: Sleep Button [SLPF]
[   40.586970] GHES: HEST is not enabled!
[   40.587871] ACPI: Battery Slot [BAT0] (battery present)
[   40.725095] Serial: 8250/16550 driver, 32 ports, IRQ sharing enabled
[   40.775878] 00:02: ttyS0 at I/O 0x3f8 (irq = 4, base_baud = 115200) is a 16550A
[   40.789315] Linux agpgart interface v0.103
[   40.802289] loop: module loaded
[   40.826571] scsi host0: ata_piix
[   40.843216] scsi host1: ata_piix
[   40.878181] ata1: PATA max UDMA/33 cmd 0x1f0 ctl 0x3f6 bmdma 0xd000 irq 14
[   40.964190] ata2: PATA max UDMA/33 cmd 0x170 ctl 0x376 bmdma 0xd008 irq 15
[   41.010857] libphy: Fixed MDIO Bus: probed
[   41.048422] tun: Universal TUN/TAP device driver, 1.6
[   41.111385] tun: (C) 1999-2004 Max Krasnyansky <maxk@qualcomm.com>
[   41.116623] PPP generic driver version 2.4.2
[   41.151370] ehci_hcd: USB 2.0 'Enhanced' Host Controller (EHCI) Driver
[   41.194589] ehci-pci: EHCI PCI platform driver
[   41.242074] ehci-platform: EHCI generic platform driver
[   41.289490] ohci_hcd: USB 1.1 'Open' Host Controller (OHCI) Driver
[   41.398250] ohci-pci: OHCI PCI platform driver
[   41.493720] ohci-platform: OHCI generic platform driver
[   41.600441] uhci_hcd: USB Universal Host Controller Interface driver
[   41.709779] i8042: PNP: PS/2 Controller [PNP0303:PS2K,PNP0f03:PS2M] at 0x60,0x64 irq 1,12
[   41.834469] serio: i8042 KBD port at 0x60,0x64 irq 1
[   41.931057] serio: i8042 AUX port at 0x60,0x64 irq 12
[   42.003442] mousedev: PS/2 mouse device common for all mice
[   42.080973] rtc_cmos rtc_cmos: rtc core: registered rtc_cmos as rtc0
[   42.171357] rtc_cmos rtc_cmos: alarms up to one day, 114 bytes nvram
[   42.257464] i2c /dev entries driver
[   42.292453] input: AT Translated Set 2 keyboard as /devices/platform/i8042/serio0/input/input2
[   42.293680] device-mapper: uevent: version 1.0.3
[   42.363920] device-mapper: ioctl: 4.34.0-ioctl (2015-10-28) initialised: dm-devel@redhat.com
[   42.363943] ledtrig-cpu: registered to indicate activity on CPUs
[   42.364316] NET: Registered protocol family 10
[   42.364527] NET: Registered protocol family 17
[   42.364541] Key type dns_resolver registered
[   42.364897] registered taskstats version 1
[   42.364918] Loading compiled-in X.509 certificates
[   42.365807] Loaded X.509 cert 'Build time autogenerated kernel key: bdcb03bd89688fd1ecb3c1b37e77d69239145881'
[   42.365858] zswap: loaded using pool lzo/zbud
[   42.368959] Key type trusted registered
[   42.373957] Key type encrypted registered
[   42.373965] AppArmor: AppArmor sha1 policy hashing enabled
[   42.373973] ima: No TPM chip found, activating TPM-bypass!
[   42.373986] ima: Allocated hash algorithm: sha1
[   42.374003] evm: HMAC attrs: 0x1
[   42.374330]   Magic number: 3:290:988
[   42.374332]   hash matches /build/linux-9hmW9z/linux-4.4.0/drivers/base/power/main.c:611
[   42.374336] machinecheck machinecheck1: hash matches
[   42.376335] rtc_cmos rtc_cmos: setting system clock to 2019-09-06 13:57:35 UTC (1567778255)
[   42.376465] BIOS EDD facility v0.16 2004-Jun-25, 0 devices found
[   42.376466] EDD information not available.
[   43.675549] Freeing unused kernel memory: 1488K
[   43.855841] Write protecting the kernel read-only data: 14336k
[   45.203198] Freeing unused kernel memory: 1608K
[   46.225845] Freeing unused kernel memory: 64K
Loading, please [   47.361518] random: systemd-udevd: uninitialized urandom read (16 bytes read, 9 bits of entropy available)
wait...
startin[   47.362055] random: udevadm: uninitialized urandom read (16 bytes read, 9 bits of entropy available)
g version 229
[   47.362080] random: udevadm: uninitialized urandom read (16 bytes read, 9 bits of entropy available)
[   47.374720] random: udevadm: uninitialized urandom read (16 bytes read, 9 bits of entropy available)
[   47.374772] random: udevadm: uninitialized urandom read (16 bytes read, 9 bits of entropy available)
[   47.374953] random: udevadm: uninitialized urandom read (16 bytes read, 9 bits of entropy available)
[   47.375020] random: udevadm: uninitialized urandom read (16 bytes read, 9 bits of entropy available)
[   47.375084] random: udevadm: uninitialized urandom read (16 bytes read, 9 bits of entropy available)
[   47.375181] random: udevadm: uninitialized urandom read (16 bytes read, 9 bits of entropy available)
[   47.375284] random: udevadm: uninitialized urandom read (16 bytes read, 9 bits of entropy available)
[   49.067621] Fusion MPT base driver 3.04.20
[   49.118817] Copyright (c) 1999-2008 LSI Corporation
[   49.178384] e1000: Intel(R) PRO/1000 Network Driver - version 7.3.21-k8-NAPI
[   49.278991] e1000: Copyright (c) 1999-2006 Intel Corporation.
[   49.348034] AVX2 version of gcm_enc/dec engaged.
[   49.368855] AES CTR mode by8 optimization enabled
[   49.404547] Fusion MPT SPI Host driver 3.04.20
[   49.675014] input: ImExPS/2 Generic Explorer Mouse as /devices/platform/i8042/serio1/input/input4
[   49.895827] e1000 0000:00:03.0 eth0: (PCI:33MHz:32-bit) 02:11:c2:af:aa:45
[   50.025894] e1000 0000:00:03.0 eth0: Intel(R) PRO/1000 Network Connection
[   50.193123] e1000 0000:00:03.0 enp0s3: renamed from eth0
[   50.291316] mptbase: ioc0: Initiating bringup
[   50.448941] ioc0: LSI53C1030 A0: Capabilities={Initiator}
[   51.888499] scsi host2: ioc0: LSI53C1030 A0, FwRev=00000000h, Ports=1, MaxQ=256, IRQ=20
[   52.652171] scsi 2:0:0:0: Direct-Access     VBOX     HARDDISK         1.0  PQ: 0 ANSI: 5
[   52.770958] scsi target2:0:0: Beginning Domain Validation
[   52.878777] scsi target2:0:0: Domain Validation skipping write tests
[   53.275922] scsi target2:0:0: Ending Domain Validation
[   53.414593] scsi target2:0:0: asynchronous
[   53.503084] scsi 2:0:1:0: Direct-Access     VBOX     HARDDISK         1.0  PQ: 0 ANSI: 5
[   54.234983] scsi target2:0:1: Beginning Domain Validation
[   54.321664] scsi target2:0:1: Domain Validation skipping write tests
[   55.209470] scsi target2:0:1: Ending Domain Validation
[   55.326497] scsi target2:0:1: asynchronous
[   55.430712] sd 2:0:0:0: Attached scsi generic sg0 type 0
[   55.451802] sd 2:0:0:0: [sda] 20971520 512-byte logical blocks: (10.7 GB/10.0 GiB)
[   55.555496] sd 2:0:1:0: Attached scsi generic sg1 type 0
[   55.614463] sd 2:0:0:0: [sda] Write Protect is off
[   55.614514] sd 2:0:1:0: [sdb] 20480 512-byte logical blocks: (10.5 MB/10.0 MiB)
[   55.614728] sd 2:0:1:0: [sdb] Write Protect is off
[   55.614841] sd 2:0:1:0: [sdb] Incomplete mode parameter data
[   55.614842] sd 2:0:1:0: [sdb] Assuming drive cache: write through
[   55.643539] sd 2:0:1:0: [sdb] Attached SCSI disk
[   55.846439] sd 2:0:0:0: [sda] Incomplete mode parameter data
[   55.929666] sd 2:0:0:0: [sda] Assuming drive cache: write through
[   55.998048]  sda: sda1
[   56.054415] sd 2:0:0:0: [sda] Attached SCSI disk
Begin: Loading e[   57.599099] md: linear personality registered for level -1
ssential drivers[   57.752164] md: multipath personality registered for level -4
 ... [   57.858278] md: raid0 personality registered for level 0
[   57.959478] md: raid1 personality registered for level 1
[   58.129078] raid6: sse2x1   gen() 11595 MB/s
[   58.269178] raid6: sse2x1   xor()  8770 MB/s
[   58.405271] raid6: sse2x2   gen() 11865 MB/s
[   58.509241] raid6: sse2x2   xor()  8972 MB/s
[   58.609286] raid6: sse2x4   gen() 11536 MB/s
[   58.717299] raid6: sse2x4   xor()  6850 MB/s
[   58.793251] raid6: avx2x1   gen() 17993 MB/s
[   58.949420] raid6: avx2x2   gen() 25700 MB/s
[   59.093366] raid6: avx2x4   gen() 28235 MB/s
[   59.152022] raid6: using algorithm avx2x4 gen() 28235 MB/s
[   59.234449] raid6: using avx2x2 recovery algorithm
[   59.296780] xor: automatically using best checksumming function:
[   59.461290]    avx       : 26673.000 MB/sec
[   59.522694] async_tx: api initialized (async)
[   59.608256] md: raid6 personality registered for level 6
[   59.675686] md: raid5 personality registered for level 5
[   59.765595] md: raid4 personality registered for level 4
[   59.802760] md: raid10 personality registered for level 10
done.
Begin: Running /scripts/init-premount ... done.[   59.901288] Btrfs loaded

Begin: Mounting root file system ... Begin: Run[   59.971117] EXT4-fs (sda1): INFO: recovery required on readonly filesystem
ning /scripts/lo[   60.066431] EXT4-fs (sda1): write access will be enabled during recovery
cal-top ... done.
Begin: Runnin[   60.274205] EXT4-fs (sda1): recovery complete
g /scripts/local[   61.342196] EXT4-fs (sda1): mounted filesystem with ordered data mode. Opts: (null)
-premount ... Scanning for Btrfs filesystems
done.
Warning: fsck not present, so skipping root file system
done.
Begin: Running /scripts/local-bottom ... done.
Begin: Running /scripts/init-bottom ... done.
[   3.186] anm:onblockg poolisnialed
[   64.719560] systemd[1]: systemd 229 running in system mode. (+PAM +AUDIT +SELINUX +IMA +APPARMOR +SMACK +SYSVINIT +UTMP +LIBCRYPTSETUP +GCRYPT +GNUTLS +ACL +XZ -LZ4 +SECCOMP +BLKID +ELFUTILS +KMOD -IDN)
[   65.154822] systemd[1]: Detected virtualization oracle.
[   65.272887] systemd[1]: Detected architecture x86-64.

Welcome to [1mUbuntu 16.04.6 LTS[0m!

[   65.482078] systemd[1]: Set hostname to <ubuntu-xenial>.
[ 65.4710] systemd[1]: RacedtageSwa
[[0;32m  OK  [0m] Reached target Swap.
[   66.4089 ste[1 Lteng on Device-mappr ve dmo FFO
[[0;32m  OK  [0m] Listening on Device-mapper event daemon FIFOs.
[ 674117 systemd[1]: Set up automount Arbitrary Executable File Format Fle Stem Automount Point.
[[0;32m  OK  [0m] Set up automount Arbitrary Executab...ats File System Automount Point.
[ 67.926323 sted[: stinon Jural Socket.
[[0;32m  OK  [0m] Listening on Journal Socket.
[ 68.7789] systemd[1] Lstening on Syslog Socket.
[[0;32m  OK  [0m] Listening on Syslog Socket.
[  68.753551]systemd[]: State Trigger reolvconf update for networkd DS.

[[0;32m  OK  [0m] Started Trigger resolvconf update for networkd DNS.
[ 69164529] systemd[1]: Reached targetSyste Time Synchronized.
[[0;32m  OK  [0m] Reached target System Time Synchronized.
[  6515328] systemd[1]: Liteng on Journal Socket (/dev/log).
[[0;32m  OK  [0m] Listening on Journal Socket (/dev/log).
[ 69.834030] system[1]: Listening on LVM2 poll daemon socket.
[[0;32m  OK  [0m] Listening on LVM2 poll daemon socket.
[  70.9769] ystemd[1]: Created slice System Slii.
[[0;32m  OK  [0m] Created slice System Slice.
[   70.577529] systemd[1]: Starting Load Kernel Modules...
         [   70.677571] Loading iSCSI transport class v2.0-870.
Starting Load Ke[   70.734777] iscsi: registered transport (tcp)
rnel Modules...
[   70.803477] iscsi: registered transport (iser)
[   70.805719] systemd[1]: Starting Create list of required static device nodes for the current kernel...
         Starting Create list of required st... nodes for the current kernel...
[   71.329857] systemd[1]: Starting Set console keymap...
         Starting Set console keymap...
[   71.461570] systemd[1]: Mounting POSIX Message Queue File System...
         Mounting POSIX Message Queue File System...
[ 71681]ysted[1]: Creaedli stem-serial\x2dgetty.slice.
[[0;32m  OK  [0m] Created slice system-serial\x2dgetty.slice.
[   72.981]ysmd]: Stte Forwa Pswd eqeststoWal rectory Wach.

[[0;32m  OK  [0m] Started Forward Password Requests to Wall Directory Watch.
[ 72.950137] systemd1]Lieng  Jrnl udit Sket.
[[0;32m  OK  [0m] Listening on Journal Audit Socket.
[   73.525938] systemd[1]: Starting Journal Service...
         Starting Journal Service...
[ 737091] systemd[1]: Created slice Us a Ssin lice.

[[0;32m  OK  [0m] Created slice User and Session Slice.
[  7.117387 sstmd1] Rachedtaget Slics.

[[0;32m  OK  [0m] Reached target Slices.
[ 742929]syem[1: istenin oud KrnelSoet

[[0;32m  OK  [0m] Listening on udev Kernel Socket.
[   75.225965] systemd[1]: Starting Nameserver information manager...
         Starting Nameserver information manager...
[   5.0296 sstd[1]: Listeningonud Control Socket.

[[0;32m  OK  [0m] Listening on udev Control Socket.
[  70522syem1]: eaed taretseanGrp amLooup
[[0;32m  OK  [0m] Reached target User and Group Name Lookups.
[   76.925905] systemd[1]: Mounting Debug File System...
         Mounting Debug File System...
[   77.089122] systemd[1]: Mounting Huge Pages File System...
         Mounting Huge Pages File System...
[ 772122] sysem[1]:isni oLV2 metda dmosoket
[[0;32m  OK  [0m] Listening on LVM2 metadata daemon socket.
[   78.009549] systemd[1]: Starting Monitoring of LVM2 mirrors, snapshots etc. using dmeventd or progress polling...
         Starting Monitoring of LVM2 mirrors... dmeventd or progress polling...
[ 7823985] sstmd[1]: Reached target Encrypted Volums.

[[0;32m  OK  [0m] Reached target Encrypted Volumes.
[   78.573702] systemd[1]: Starting Remount Root and Kernel File Systems...
         [   78.643274] EXT4-fs (sda1): re-mounted. Opts: (null)
Starting Remount Root and Kernel File Systems...
[   .848] ystmd]:isni o/d/iitct Cmpatbilit Nedip
[[0;32m  OK  [0m] Listening on /dev/initctl Compatibility Named Pipe.
[   79.781604] systemd[1]: Starting Uncomplicated firewall...
         Starting Uncomplicated firewall...
[   0.092]system[1]: ouedDeugFile Sysem
[[0;32m  OK  [0m] Mounted Debug File System.
[ 80104]ysmd[1]:MotePOX sse euFi Ste.
[[0;32m  OK  [0m] Mounted POSIX Message Queue File System.
[   1.2136syem1]Moted HugePages Fi Stem
[[0;32m  OK  [0m] Mounted Huge Pages File System.
[   82.030685] systemd[1]: Started Journal Service.
[[0;32m  OK  [0m] Started Journal Service.
[[0;32m  OK  [0m] Started Load Kernel Modules.
[[0;32m  OK  [0m] Started Create list of required sta...ce nodes for the current kernel.
[[0;32m  OK  [0m] Started Set console keymap.
[[0;32m  OK  [0m] Started Remount Root and Kernel File Systems.
[[0;32m  OK  [0m] Started Uncomplicated firewall.
[[0;32m  OK  [0m] Started Nameserver information manager.
[[0;32m  OK  [0m] Started LVM2 metadata daemon.
         Starting Load/Save Random Seed...
         Starting udev Coldplug all Devices...
         Starting Create Static Device Nodes in /dev...
         Mounting FUSE Control File System...
         Starting Apply Kernel Variables...
         Starting Flush Journal to Persistent Storage...
[[0;32m  OK  [0m] Mounted FUSE Control File System.
[[0;32m  OK  [0m] Started Monitoring of LVM2 mirrors,...ng dmeventd or progress polling.
[[0;32m  OK  [0m] Started Load/Save Random Seed.
[[0;32m  OK  [0m] Started Create Static Device Nodes in /dev.
[[0;32m  OK  [0m] Started Apply Kernel Variables.
[[0;32m  OK  [0m] Started udev Coldplug all Devices.
[[0;32m  OK  [0m] Started Flush Journal to Persistent Storage.
         Starting udev Kernel Device Manager...
[[0;32m  OK  [0m] Reached target Local File Systems (Pre).
[[0;32m  OK  [0m] Reached target Local File Systems.
         Starting Tell Plymouth To Write Out Runtime Data...
         Starting Initial cloud-init job (pre-networking)...
         Starting Set console font and keymap...
         Starting LSB: AppArmor initialization...
         Starting Enable support for additional executable binary formats...
         Starting Create Volatile Files and Directories...
[[0;32m  OK  [0m] Started udev Kernel Device Manager.
[[0;32m  OK  [0m] Started Tell Plymouth To Write Out Runtime Data.
[[0;32m  OK  [0m] Started Set console font and keymap.
[[0;32m  OK  [0m] Started Create Volatile Files and Directories.
[[0;32m  OK  [0m] Found device /dev/ttyS0.
[[0;32m  OK  [0m] Listening on Load/Save RF Kill Switch Status /dev/rfkill Watch.
         Mounting Arbitrary Executable File Formats File System...
[   50.480096] cloud-init[510]: Cloud-init v. 18.5-45-g3554ffe8-0ubuntu1~16.04.1 running 'init-local' at Fri, 06 Sep 2019 13:58:18 +0000. Up 50.00 seconds.
         Starting Update UTMP about System Boot/Shutdown...
[[0;32m  OK  [0m] Created slice system-getty.slice.
[[0;32m  OK  [0m] Started Dispatch Password Requests to Console Directory Watch.
[[0;32m  OK  [0m] Mounted Arbitrary Executable File Formats File System.
[[0;32m  OK  [0m] Started LSB: AppArmor initialization.
[[0;32m  OK  [0m] Started Initial cloud-init job (pre-networking).
[[0;32m  OK  [0m] Started Enable support for additional executable binary formats.
[[0;32m  OK  [0m] Started Update UTMP about System Boot/Shutdown.
[[0;32m  OK  [0m] Reached target Network (Pre).
         Starting Raise network interfaces...
[[0;32m  OK  [0m] Started ifup for enp0s3.
[[0;32m  OK  [0m] Started Raise network interfaces.
[[0;32m  OK  [0m] Reached target Network.
         Starting Initial cloud-init job (metadata service crawler)...
[   52.931599] cloud-init[975]: Cloud-init v. 18.5-45-g3554ffe8-0ubuntu1~16.04.1 running 'init' at Fri, 06 Sep 2019 13:58:21 +0000. Up 52.54 seconds.
[   53.249454] [cloud-init[0;32m  OK  [0m[975]: ] ci-info: ++++++++++++++++++++++++++++++++++++++Net device info++++++++++++++++++++++++++++++++++++++Started Initial cloud-init job (metadata service crawler).

[   53.249948] cloud-init[975]: ci-info: +--------+------+----------------------------+---------------+--------+-------------------+
[   53.693196] [cloud-init[0;32m  OK  [0m[975]: ] ci-info: | Device |  Up  |          Address           |      Mask     | Scope  |     Hw-Address    |Reached target Network is Online.

[   53.695492] cloud-init[975]: ci-info: +--------+------+----------------------------+---------------+--------+-------------------+
[   54.093447] cloud-init[975]: ci-info: | enp0s3 | True |         10.0.2.15          | 255.255.255.0 | global | 02:11:c2:af:aa:45 |
[   54.280484] cloud-init[975]: ci-info: | enp0s3 | True | fe80::11:c2ff:feaf:aa45/64 |       .       |  link  | 02:11:c2:af:aa:45 |
[   54.473343] cloud-init[975]: ci-info: |   lo   | True |         127.0.0.1          |   255.0.0.0   |  host  |         .         |
[   54.641310] cloud-init[975]: ci-info: |   lo   | True |          ::1/128           |       .       |  host  |         .         |
[   54.820714] cloud-init[975]: ci-info: +--------+------+----------------------------+---------------+--------+-------------------+
[   54.996555] cloud-init[975]: ci-info: +++++++++++++++++++++++++++Route IPv4 info++++++++++++++++++++++++++++
[   55.158506] cloud-init[975]: ci-info: +-------+-------------+----------+---------------+-----------+-------+
         Starting iSCSI initiator daemon (iscsid)...
[[0;32m  OK  [0m] Reached target Cloud-config availability.
[   55.306206] cloud-init[975]: ci-info: | Route | Destination | Gateway  |    Genmask    | Interface | Flags |
[   55.612140] cloud-init[975]: ci-info: +-------+-------------+----------+---------------+-----------+-------+
[   55.613941] cloud-init[975]: ci-info: |   0   |   0.0.0.0   | 10.0.2.2 |    0.0.0.0    |   enp0s3  |   UG  |
[[0;32m  OK  [0m] Reached target System Initialization.
[   55.614676] cloud-init[975]: ci-info: |   1   |   10.0.2.0  | 0.0.0.0  | 255.255.255.0 |   enp0s3  |   U   |
[   56.118739] cloud-init[975]: ci-info: +-------+-------------+----------+---------------+-----------+-------+
[   56.119201] cloud-init[975]: ci-info: +++++++++++++++++++Route IPv6 info+++++++++++++++++++
[[0;32m  OK  [0m] Started Daily apt download activities.
[   56.119658] cloud-init[975]: ci-info: +-------+-------------+---------+-----------+-------+
[   56.497722] cloud-init[975]: ci-info: | Route | Destination | Gateway | Interface | Flags |[
[0;32m  OK  [0m] Started Daily apt upgrade and clean activities.
[   56.497930] cloud-init[975]: ci-info: +-------+-------------+---------+-----------+-------+
[   57.013505] cloud-init[975]: ci-info: |   0   |  fe80::/64  |    ::   |   enp0s3  |   U   |
[   57.014967] cloud-init[975]: ci-info: |   3   |   ff00::/8  |    ::   |   enp0s3  |   U   |
[[0;32m  OK  [0m] Started ACPI Events Check.
[   57.016660] cloud-init[975]: ci-info: +-------+-------------+---------+-----------+-------+
[[0;32m  OK  [0m] Reached target Paths.
         Starting Socket activation for snappy daemon.
[[0;32m  OK  [0m] Listening on D-Bus System Message Bus Socket.
[[0;32m  OK  [0m] Listening on UUID daemon activation socket.
[[0;32m  OK  [0m] Listening on ACPID Listen Socket.
         Starting LXD - unix socket.
[[0;32m  OK  [0m] Started Daily Cleanup of Temporary Directories.
[[0;32m  OK  [0m] Reached target Timers.
[[0;32m  OK  [0m] Listening on Socket activation for snappy daemon.
[[0;32m  OK  [0m] Listening on LXD - unix socket.
[[0;32m  OK  [0m] Started iSCSI initiator daemon (iscsid).
         Starting Login to default iSCSI targets...
[[0;32m  OK  [0m] Reached target Sockets.
[[0;32m  OK  [0m] Reached target Basic System.
[[0;32m  OK  [0m] Started Deferred execution scheduler.
[[0;32m  OK  [0m] Started Unattended Upgrades Shutdown.
         Starting LSB: Record successful boot for GRUB...
         Starting Virtualbox guest utils...
[[0;32m  OK  [0m] Started Regular background program processing daemon.
[[0;32m  OK  [0m] Started FUSE filesystem for LXC.
         Starting System Logging Service...
[[0;32m  OK  [0m] Started ACPI event daemon.
         Starting Accounts Service...
         Starting /etc/rc.local Compatibility...
[[0;32m  OK  [0m] Started D-Bus System Message Bus.
         Starting Pollinate to seed the pseudo random number generator...
         Starting Login Service...
         Starting LSB: MD monitoring daemon...
         Starting LXD - container startup/shutdown...
         Starting Snappy daemon...
[[0;32m  OK  [0m] Started System Logging Service.
[[0;32m  OK  [0m] Started /etc/rc.local Compatibility.
[[0;32m  OK  [0m] Started Pollinate to seed the pseudo random number generator.
[[0;32m  OK  [0m] Started LXD - container startup/shutdown.
[[0;32m  OK  [0m] Started Snappy daemon.
[[0;32m  OK  [0m] Started Login to default iSCSI targets.
[[0;32m  OK  [0m] Started LSB: Record successful boot for GRUB.
[[0;32m  OK  [0m] Started LSB: MD monitoring daemon.
[[0;32m  OK  [0m] Started Virtualbox guest utils.
         Starting Authenticate and Authorize Users to Run Privileged Tasks...
[[0;32m  OK  [0m] Reached target Remote File Systems (Pre).
[[0;32m  OK  [0m] Reached target Remote File Systems.
         Starting LSB: daemon to balance interrupts for SMP systems...
         Starting Permit User Sessions...
         Starting LSB: automatic crash report generation...
         Starting LSB: Set the CPU Frequency Scaling governor to "ondemand"...
         Starting Wait until snapd is fully seeded...
         Starting OpenBSD Secure Shell server...
[[0;32m  OK  [0m] Started Permit User Sessions.
[[0;32m  OK  [0m] Started Wait until snapd is fully seeded.
[[0;32m  OK  [0m] Started Login Service.
[[0;32m  OK  [0m] Started OpenBSD Secure Shell server.
[[0;32m  OK  [0m] Started Authenticate and Authorize Users to Run Privileged Tasks.
[[0;32m  OK  [0m] Started Accounts Service.
[[0;32m  OK  [0m] Started LSB: Set the CPU Frequency Scaling governor to "ondemand".
[[0;32m  OK  [0m] Started LSB: daemon to balance interrupts for SMP systems.
[[0;32m  OK  [0m] Started LSB: automatic crash report generation.
         Starting Apply the settings specified in cloud-config...
         Starting Terminate Plymouth Boot Screen...
         Starting Hold until boot process finishes up...
[[0;32m  OK  [0m] Started Terminate Plymouth Boot Screen.
[[0;32m  OK  [0m] Started Hold until boot process finishes up.
[[0;32m  OK  [0m] Started Getty on tty1.
         Starting Set console scheme...
[[0;32m  OK  [0m] Started Serial Getty on ttyS0.
[[0;32m  OK  [0m] Reached target Login Prompts.
[[0;32m  OK  [0m] Reached target Multi-User System.
[[0;32m  OK  [0m] Reached target Graphical Interface.
         Starting Update UTMP about System Runlevel Changes...
[[0;32m  OK  [0m] Started Set console scheme.
[   63.252309] cloud-init[1237]: Cloud-init v. 18.5-45-g3554ffe8-0ubuntu1~16.04.1 running 'modules:config' at Fri, 06 Sep 2019 13:58:31 +0000. Up 63.04 seconds.
[[0;32m  OK  [0m] Started Update UTMP about System Runlevel Changes.
[[0;32m  OK  [0m] Started Apply the settings specified in cloud-config.
         Starting Execute cloud user/final scripts...
[[0;32m  OK  [0m] Created slice User Slice of vagrant.
         Starting User Manager for UID 1000...
[[0;32m  OK  [0m] Started User Manager for UID 1000.
[[0;32m  OK  [0m] Started Session 1 of user vagrant.
[   64.490707] cloud-init[1267]: Cloud-init v. 18.5-45-g3554ffe8-0ubuntu1~16.04.1 running 'modules:final' at Fri, 06 Sep 2019 13:58:33 +0000. Up 64.25 seconds.
[   64.658598] cloud-init[1267]: Cloud-init v. 18.5-45-g3554ffe8-0ubuntu1~16.04.1 finished at Fri, 06 Sep 2019 13:58:33 +0000. Datasource DataSourceNoCloud [seed=/dev/sdb][dsmode=net].  Up 64.47 seconds
[[0;32m  OK  [0m] Started Execute cloud user/final scripts.
         Starting Daily apt download activities...
[[0;32m  OK  [0m] Reached target Cloud-init target.

Ubuntu 16.04.6 LTS ubuntu-xenial ttyS0

ubuntu-xenial login: 